\BOOKMARK [0][-]{chapter*.6}{\376\377\000L\000i\000s\000t\000\040\000o\000f\000\040\000A\000b\000b\000r\000e\000v\000i\000a\000t\000i\000o\000n\000s}{}% 1
\BOOKMARK [0][-]{chapter.1}{\376\377\000I\000n\000t\000r\000o\000d\000u\000c\000t\000i\000o\000n}{}% 2
\BOOKMARK [1][-]{section.1.1}{\376\377\000T\000h\000e\000\040\000P\000r\000o\000b\000l\000e\000m}{chapter.1}% 3
\BOOKMARK [1][-]{section.1.2}{\376\377\000B\000a\000c\000k\000g\000r\000o\000u\000n\000d\000\040\000C\000o\000n\000t\000e\000x\000t}{chapter.1}% 4
\BOOKMARK [1][-]{section.1.3}{\376\377\000R\000e\000s\000e\000a\000r\000c\000h\000\040\000A\000i\000m\000\040\000a\000n\000d\000\040\000A\000p\000p\000r\000o\000a\000c\000h}{chapter.1}% 5
\BOOKMARK [1][-]{section.1.4}{\376\377\000C\000o\000n\000t\000r\000i\000b\000u\000t\000i\000o\000n\000s}{chapter.1}% 6
\BOOKMARK [1][-]{section.1.5}{\376\377\000S\000c\000o\000p\000e\000\040\000a\000n\000d\000\040\000L\000i\000m\000i\000t\000a\000t\000i\000o\000n\000s}{chapter.1}% 7
\BOOKMARK [0][-]{chapter.2}{\376\377\000B\000a\000c\000k\000g\000r\000o\000u\000n\000d\000\040\000a\000n\000d\000\040\000R\000e\000l\000a\000t\000e\000d\000\040\000W\000o\000r\000k}{}% 8
\BOOKMARK [1][-]{section.2.1}{\376\377\000B\000l\000o\000c\000k\000c\000h\000a\000i\000n\000-\000B\000a\000s\000e\000d\000\040\000C\000o\000n\000t\000e\000n\000t\000\040\000M\000a\000n\000a\000g\000e\000m\000e\000n\000t}{chapter.2}% 9
\BOOKMARK [2][-]{subsection.2.1.1}{\376\377\000M\000a\000r\000k\000e\000t\000\040\000C\000o\000n\000t\000e\000x\000t}{section.2.1}% 10
\BOOKMARK [2][-]{subsection.2.1.2}{\376\377\000F\000o\000u\000n\000d\000a\000t\000i\000o\000n\000a\000l\000\040\000W\000o\000r\000k\000\040\000o\000n\000\040\000B\000l\000o\000c\000k\000c\000h\000a\000i\000n\000-\000B\000a\000s\000e\000d\000\040\000D\000R\000M}{section.2.1}% 11
\BOOKMARK [2][-]{subsection.2.1.3}{\376\377\000N\000F\000T\000s\000\040\000a\000n\000d\000\040\000I\000n\000t\000e\000l\000l\000e\000c\000t\000u\000a\000l\000\040\000P\000r\000o\000p\000e\000r\000t\000y\000\040\000R\000i\000g\000h\000t\000s}{section.2.1}% 12
\BOOKMARK [1][-]{section.2.2}{\376\377\000C\000r\000o\000s\000s\000-\000C\000h\000a\000i\000n\000\040\000I\000n\000t\000e\000r\000o\000p\000e\000r\000a\000b\000i\000l\000i\000t\000y}{chapter.2}% 13
\BOOKMARK [2][-]{subsection.2.2.1}{\376\377\000P\000o\000l\000k\000a\000d\000o\000t\000\040\000A\000r\000c\000h\000i\000t\000e\000c\000t\000u\000r\000e}{section.2.2}% 14
\BOOKMARK [2][-]{subsection.2.2.2}{\376\377\000C\000r\000o\000s\000s\000-\000C\000h\000a\000i\000n\000\040\000T\000e\000c\000h\000n\000o\000l\000o\000g\000y\000\040\000S\000u\000r\000v\000e\000y\000s}{section.2.2}% 15
\BOOKMARK [2][-]{subsection.2.2.3}{\376\377\000B\000r\000i\000d\000g\000e\000s\000\040\000a\000n\000d\000\040\000S\000n\000o\000w\000b\000r\000i\000d\000g\000e}{section.2.2}% 16
\BOOKMARK [2][-]{subsection.2.2.4}{\376\377\000P\000o\000l\000k\000a\000d\000o\000t\000\040\0002\000.\0000\000\040\000a\000n\000d\000\040\000J\000A\000M}{section.2.2}% 17
\BOOKMARK [2][-]{subsection.2.2.5}{\376\377\000C\000r\000o\000s\000s\000-\000C\000h\000a\000i\000n\000\040\000C\000o\000p\000y\000r\000i\000g\000h\000t\000\040\000M\000a\000n\000a\000g\000e\000m\000e\000n\000t\000\040\000a\000s\000\040\000a\000\040\000R\000e\000s\000e\000a\000r\000c\000h\000\040\000T\000a\000r\000g\000e\000t}{section.2.2}% 18
\BOOKMARK [1][-]{section.2.3}{\376\377\000D\000e\000c\000e\000n\000t\000r\000a\000l\000i\000z\000e\000d\000\040\000M\000o\000n\000e\000t\000i\000z\000a\000t\000i\000o\000n\000\040\000M\000o\000d\000e\000l\000s}{chapter.2}% 19
\BOOKMARK [2][-]{subsection.2.3.1}{\376\377\000C\000r\000e\000a\000t\000o\000r\000\040\000E\000c\000o\000n\000o\000m\000y\000\040\000C\000o\000n\000t\000e\000x\000t}{section.2.3}% 20
\BOOKMARK [2][-]{subsection.2.3.2}{\376\377\000D\000e\000F\000i\000\040\000a\000n\000d\000\040\000W\000e\000b\0003\000\040\000F\000o\000u\000n\000d\000a\000t\000i\000o\000n\000s}{section.2.3}% 21
\BOOKMARK [2][-]{subsection.2.3.3}{\376\377\000S\000u\000b\000s\000c\000r\000i\000p\000t\000i\000o\000n\000,\000\040\000P\000a\000y\000-\000P\000e\000r\000-\000V\000i\000e\000w\000,\000\040\000a\000n\000d\000\040\000P\000u\000r\000c\000h\000a\000s\000e\000\040\000M\000o\000d\000e\000l\000s}{section.2.3}% 22
\BOOKMARK [2][-]{subsection.2.3.4}{\376\377\000P\000a\000y\000-\000P\000e\000r\000-\000V\000i\000e\000w\000\040\000a\000n\000d\000\040\000t\000h\000e\000\040\000M\000i\000c\000r\000o\000p\000a\000y\000m\000e\000n\000t\000\040\000P\000r\000o\000b\000l\000e\000m}{section.2.3}% 23
\BOOKMARK [2][-]{subsection.2.3.5}{\376\377\000S\000m\000a\000r\000t\000\040\000C\000o\000n\000t\000r\000a\000c\000t\000s\000\040\000a\000s\000\040\000t\000h\000e\000\040\000I\000m\000p\000l\000e\000m\000e\000n\000t\000a\000t\000i\000o\000n\000\040\000L\000a\000y\000e\000r}{section.2.3}% 24
\BOOKMARK [2][-]{subsection.2.3.6}{\376\377\000R\000o\000y\000a\000l\000t\000y\000\040\000A\000u\000t\000o\000m\000a\000t\000i\000o\000n}{section.2.3}% 25
\BOOKMARK [1][-]{section.2.4}{\376\377\000C\000h\000a\000l\000l\000e\000n\000g\000e\000s\000\040\000a\000n\000d\000\040\000G\000a\000p\000s}{chapter.2}% 26
\BOOKMARK [1][-]{section.2.5}{\376\377\000S\000u\000m\000m\000a\000r\000y}{chapter.2}% 27
\BOOKMARK [0][-]{chapter.3}{\376\377\000R\000e\000s\000e\000a\000r\000c\000h\000\040\000Q\000u\000e\000s\000t\000i\000o\000n\000s\000\040\000a\000n\000d\000\040\000O\000b\000j\000e\000c\000t\000i\000v\000e\000s}{}% 28
\BOOKMARK [1][-]{section.3.1}{\376\377\000P\000r\000i\000m\000a\000r\000y\000\040\000R\000e\000s\000e\000a\000r\000c\000h\000\040\000Q\000u\000e\000s\000t\000i\000o\000n}{chapter.3}% 29
\BOOKMARK [1][-]{section.3.2}{\376\377\000S\000u\000b\000-\000Q\000u\000e\000s\000t\000i\000o\000n\000s}{chapter.3}% 30
\BOOKMARK [1][-]{section.3.3}{\376\377\000R\000e\000s\000e\000a\000r\000c\000h\000\040\000O\000b\000j\000e\000c\000t\000i\000v\000e\000s}{chapter.3}% 31
\BOOKMARK [1][-]{section.3.4}{\376\377\000M\000a\000p\000p\000i\000n\000g\000\040\000Q\000u\000e\000s\000t\000i\000o\000n\000s\000\040\000t\000o\000\040\000O\000b\000j\000e\000c\000t\000i\000v\000e\000s}{chapter.3}% 32
\BOOKMARK [1][-]{section.3.5}{\376\377\000S\000u\000m\000m\000a\000r\000y}{chapter.3}% 33
\BOOKMARK [0][-]{chapter.4}{\376\377\000M\000e\000t\000h\000o\000d\000o\000l\000o\000g\000y\000\040\000a\000n\000d\000\040\000S\000y\000s\000t\000e\000m\000\040\000D\000e\000s\000i\000g\000n}{}% 34
\BOOKMARK [1][-]{section.4.1}{\376\377\000R\000e\000s\000e\000a\000r\000c\000h\000\040\000M\000e\000t\000h\000o\000d\000o\000l\000o\000g\000y}{chapter.4}% 35
\BOOKMARK [2][-]{subsection.4.1.1}{\376\377\000D\000e\000s\000i\000g\000n\000\040\000S\000c\000i\000e\000n\000c\000e\000\040\000R\000e\000s\000e\000a\000r\000c\000h\000\040\000F\000r\000a\000m\000i\000n\000g}{section.4.1}% 36
\BOOKMARK [2][-]{subsection.4.1.2}{\376\377\000I\000t\000e\000r\000a\000t\000i\000v\000e\000\040\000P\000r\000o\000t\000o\000t\000y\000p\000i\000n\000g}{section.4.1}% 37
\BOOKMARK [2][-]{subsection.4.1.3}{\376\377\000D\000a\000t\000a\000\040\000C\000o\000l\000l\000e\000c\000t\000i\000o\000n\000\040\000M\000e\000t\000h\000o\000d\000s}{section.4.1}% 38
\BOOKMARK [2][-]{subsection.4.1.4}{\376\377\000E\000v\000a\000l\000u\000a\000t\000i\000o\000n\000\040\000P\000h\000i\000l\000o\000s\000o\000p\000h\000y\000:\000\040\000M\000e\000a\000s\000u\000r\000e\000m\000e\000n\000t\000-\000F\000o\000c\000u\000s\000e\000d}{section.4.1}% 39
\BOOKMARK [2][-]{subsection.4.1.5}{\376\377\000M\000e\000t\000h\000o\000d\000o\000l\000o\000g\000y\000\040\000P\000i\000v\000o\000t\000s}{section.4.1}% 40
\BOOKMARK [1][-]{section.4.2}{\376\377\000S\000y\000s\000t\000e\000m\000\040\000D\000e\000s\000i\000g\000n}{chapter.4}% 41
\BOOKMARK [2][-]{subsection.4.2.1}{\376\377\000T\000h\000e\000\040\000U\000n\000i\000f\000i\000e\000d\000\040\000R\000i\000g\000h\000t\000s\000\040\000T\000o\000k\000e\000n\000\040\000C\000o\000n\000c\000e\000p\000t}{section.4.2}% 42
\BOOKMARK [2][-]{subsection.4.2.2}{\376\377\000T\000h\000e\000\040\000T\000h\000r\000e\000e\000\040\000M\000o\000n\000e\000t\000i\000z\000a\000t\000i\000o\000n\000\040\000M\000o\000d\000e\000l\000s}{section.4.2}% 43
\BOOKMARK [2][-]{subsection.4.2.3}{\376\377\000N\000F\000T\000-\000B\000a\000s\000e\000d\000\040\000R\000i\000g\000h\000t\000s\000\040\000T\000o\000k\000e\000n\000i\000z\000a\000t\000i\000o\000n}{section.4.2}% 44
\BOOKMARK [2][-]{subsection.4.2.4}{\376\377\000C\000r\000o\000s\000s\000-\000C\000h\000a\000i\000n\000\040\000C\000o\000m\000m\000u\000n\000i\000c\000a\000t\000i\000o\000n\000\040\000M\000o\000d\000e\000l}{section.4.2}% 45
\BOOKMARK [2][-]{subsection.4.2.5}{\376\377\000P\000a\000l\000l\000e\000t\000-\000F\000i\000r\000s\000t\000\040\000A\000r\000c\000h\000i\000t\000e\000c\000t\000u\000r\000e}{section.4.2}% 46
\BOOKMARK [2][-]{subsection.4.2.6}{\376\377\000L\000a\000y\000e\000r\000e\000d\000\040\000A\000r\000c\000h\000i\000t\000e\000c\000t\000u\000r\000e}{section.4.2}% 47
\BOOKMARK [0][-]{chapter.5}{\376\377\000I\000m\000p\000l\000e\000m\000e\000n\000t\000a\000t\000i\000o\000n}{}% 48
\BOOKMARK [1][-]{section.5.1}{\376\377\000D\000e\000v\000e\000l\000o\000p\000m\000e\000n\000t\000\040\000E\000n\000v\000i\000r\000o\000n\000m\000e\000n\000t}{chapter.5}% 49
\BOOKMARK [2][-]{subsection.5.1.1}{\376\377\000T\000o\000o\000l\000c\000h\000a\000i\000n\000\040\000a\000n\000d\000\040\000L\000a\000n\000g\000u\000a\000g\000e}{section.5.1}% 50
\BOOKMARK [2][-]{subsection.5.1.2}{\376\377\000W\000o\000r\000k\000s\000p\000a\000c\000e\000\040\000L\000a\000y\000o\000u\000t}{section.5.1}% 51
\BOOKMARK [2][-]{subsection.5.1.3}{\376\377\000L\000o\000c\000a\000l\000\040\000D\000e\000v\000e\000l\000o\000p\000m\000e\000n\000t\000\040\000N\000e\000t\000w\000o\000r\000k}{section.5.1}% 52
\BOOKMARK [2][-]{subsection.5.1.4}{\376\377\000T\000e\000s\000t\000\040\000I\000n\000f\000r\000a\000s\000t\000r\000u\000c\000t\000u\000r\000e}{section.5.1}% 53
\BOOKMARK [1][-]{section.5.2}{\376\377\000P\000a\000l\000l\000e\000t\000\040\000I\000m\000p\000l\000e\000m\000e\000n\000t\000a\000t\000i\000o\000n\000\040\000a\000n\000d\000\040\000S\000m\000a\000r\000t\000\040\000C\000o\000n\000t\000r\000a\000c\000t\000\040\000L\000a\000y\000e\000r}{chapter.5}% 54
\BOOKMARK [2][-]{subsection.5.2.1}{\376\377\000T\000h\000e\000\040\000p\000a\000l\000l\000e\000t\000-\000c\000o\000n\000t\000e\000n\000t\000-\000r\000i\000g\000h\000t\000s\000\040\000D\000e\000s\000i\000g\000n}{section.5.2}% 55
\BOOKMARK [2][-]{subsection.5.2.2}{\376\377\000N\000F\000T\000\040\000N\000e\000s\000t\000i\000n\000g\000\040\000v\000i\000a\000\040\000p\000a\000l\000l\000e\000t\000-\000n\000f\000t\000s}{section.5.2}% 56
\BOOKMARK [2][-]{subsection.5.2.3}{\376\377\000R\000o\000y\000a\000l\000t\000y\000\040\000P\000r\000o\000p\000a\000g\000a\000t\000i\000o\000n}{section.5.2}% 57
\BOOKMARK [2][-]{subsection.5.2.4}{\376\377\000T\000h\000e\000\040\000i\000n\000k\000!\000\040\000C\000o\000n\000t\000r\000a\000c\000t\000\040\000W\000r\000a\000p\000p\000e\000r\000\040\000a\000n\000d\000\040\000E\000V\000M\000\040\000P\000r\000e\000c\000o\000m\000p\000i\000l\000e}{section.5.2}% 58
\BOOKMARK [1][-]{section.5.3}{\376\377\000C\000r\000o\000s\000s\000-\000C\000h\000a\000i\000n\000\040\000I\000n\000t\000e\000g\000r\000a\000t\000i\000o\000n}{chapter.5}% 59
\BOOKMARK [2][-]{subsection.5.3.1}{\376\377\000X\000C\000M\000\040\000M\000e\000s\000s\000a\000g\000e\000\040\000F\000l\000o\000w\000s}{section.5.3}% 60
\BOOKMARK [2][-]{subsection.5.3.2}{\376\377\000S\000n\000o\000w\000b\000r\000i\000d\000g\000e\000\040\000I\000n\000t\000e\000g\000r\000a\000t\000i\000o\000n\000\040\000w\000i\000t\000h\000\040\000E\000t\000h\000e\000r\000e\000u\000m}{section.5.3}% 61
\BOOKMARK [1][-]{section.5.4}{\376\377\000C\000h\000a\000l\000l\000e\000n\000g\000e\000s\000\040\000a\000n\000d\000\040\000S\000o\000l\000u\000t\000i\000o\000n\000s}{chapter.5}% 62
\BOOKMARK [1][-]{section.5.5}{\376\377\000S\000u\000m\000m\000a\000r\000y}{chapter.5}% 63
\BOOKMARK [0][-]{chapter.6}{\376\377\000E\000v\000a\000l\000u\000a\000t\000i\000o\000n\000\040\000a\000n\000d\000\040\000T\000e\000s\000t\000i\000n\000g}{}% 64
\BOOKMARK [1][-]{section.6.1}{\376\377\000E\000v\000a\000l\000u\000a\000t\000i\000o\000n\000\040\000A\000p\000p\000r\000o\000a\000c\000h}{chapter.6}% 65
\BOOKMARK [1][-]{section.6.2}{\376\377\000T\000e\000s\000t\000i\000n\000g\000\040\000L\000a\000y\000e\000r\000s}{chapter.6}% 66
\BOOKMARK [1][-]{section.6.3}{\376\377\000P\000e\000r\000f\000o\000r\000m\000a\000n\000c\000e\000\040\000T\000e\000s\000t\000i\000n\000g\000\040\000F\000r\000a\000m\000e\000w\000o\000r\000k}{chapter.6}% 67
\BOOKMARK [1][-]{section.6.4}{\376\377\000T\000e\000s\000t\000\040\000S\000c\000e\000n\000a\000r\000i\000o\000s}{chapter.6}% 68
\BOOKMARK [1][-]{section.6.5}{\376\377\000M\000e\000t\000r\000i\000c\000s\000\040\000a\000n\000d\000\040\000K\000e\000y\000\040\000P\000e\000r\000f\000o\000r\000m\000a\000n\000c\000e\000\040\000I\000n\000d\000i\000c\000a\000t\000o\000r\000s}{chapter.6}% 69
\BOOKMARK [1][-]{section.6.6}{\376\377\000T\000e\000s\000t\000i\000n\000g\000\040\000I\000n\000f\000r\000a\000s\000t\000r\000u\000c\000t\000u\000r\000e}{chapter.6}% 70
\BOOKMARK [1][-]{section.6.7}{\376\377\000V\000a\000l\000i\000d\000i\000t\000y\000\040\000a\000n\000d\000\040\000L\000i\000m\000i\000t\000a\000t\000i\000o\000n\000s}{chapter.6}% 71
\BOOKMARK [1][-]{section.6.8}{\376\377\000S\000u\000m\000m\000a\000r\000y}{chapter.6}% 72
\BOOKMARK [0][-]{chapter.7}{\376\377\000R\000e\000s\000u\000l\000t\000s}{}% 73
\BOOKMARK [1][-]{section.7.1}{\376\377\000T\000e\000c\000h\000n\000i\000c\000a\000l\000\040\000R\000e\000s\000u\000l\000t\000s}{chapter.7}% 74
\BOOKMARK [2][-]{subsection.7.1.1}{\376\377\000T\000h\000r\000o\000u\000g\000h\000p\000u\000t}{section.7.1}% 75
\BOOKMARK [2][-]{subsection.7.1.2}{\376\377\000L\000a\000t\000e\000n\000c\000y}{section.7.1}% 76
\BOOKMARK [2][-]{subsection.7.1.3}{\376\377\000B\000l\000o\000c\000k\000\040\000W\000e\000i\000g\000h\000t\000\040\000U\000t\000i\000l\000i\000z\000a\000t\000i\000o\000n}{section.7.1}% 77
\BOOKMARK [2][-]{subsection.7.1.4}{\376\377\000S\000t\000o\000r\000a\000g\000e\000\040\000G\000r\000o\000w\000t\000h}{section.7.1}% 78
\BOOKMARK [2][-]{subsection.7.1.5}{\376\377\000R\000e\000l\000i\000a\000b\000i\000l\000i\000t\000y}{section.7.1}% 79
\BOOKMARK [2][-]{subsection.7.1.6}{\376\377\000S\000n\000o\000w\000b\000r\000i\000d\000g\000e\000\040\000E\000n\000d\000-\000t\000o\000-\000E\000n\000d\000\040\000B\000r\000i\000d\000g\000e}{section.7.1}% 80
\BOOKMARK [2][-]{subsection.7.1.7}{\376\377\000C\000o\000m\000p\000a\000r\000a\000t\000i\000v\000e\000\040\000A\000n\000a\000l\000y\000s\000i\000s\000\040\000v\000s\000.\000\040\000C\000e\000n\000t\000r\000a\000l\000i\000z\000e\000d\000\040\000B\000a\000s\000e\000l\000i\000n\000e}{section.7.1}% 81
\BOOKMARK [1][-]{section.7.2}{\376\377\000E\000c\000o\000n\000o\000m\000i\000c\000\040\000R\000e\000s\000u\000l\000t\000s}{chapter.7}% 82
\BOOKMARK [2][-]{subsection.7.2.1}{\376\377\000M\000o\000n\000t\000e\000\040\000C\000a\000r\000l\000o\000\040\000C\000r\000e\000a\000t\000o\000r\000\040\000R\000e\000v\000e\000n\000u\000e\000\040\000S\000i\000m\000u\000l\000a\000t\000i\000o\000n}{section.7.2}% 83
\BOOKMARK [2][-]{subsection.7.2.2}{\376\377\000A\000u\000d\000i\000e\000n\000c\000e\000\040\000S\000i\000z\000e\000\040\000D\000e\000p\000e\000n\000d\000e\000n\000c\000y}{section.7.2}% 84
\BOOKMARK [2][-]{subsection.7.2.3}{\376\377\000C\000o\000m\000p\000a\000r\000a\000t\000i\000v\000e\000\040\000F\000e\000e\000\040\000A\000n\000a\000l\000y\000s\000i\000s}{section.7.2}% 85
\BOOKMARK [1][-]{section.7.3}{\376\377\000S\000e\000c\000u\000r\000i\000t\000y\000\040\000a\000n\000d\000\040\000U\000s\000e\000r\000-\000C\000e\000n\000t\000r\000i\000c\000\040\000R\000e\000s\000u\000l\000t\000s}{chapter.7}% 86
\BOOKMARK [2][-]{subsection.7.3.1}{\376\377\000S\000e\000c\000u\000r\000i\000t\000y\000\040\000A\000u\000d\000i\000t\000\040\000F\000i\000n\000d\000i\000n\000g\000s}{section.7.3}% 87
\BOOKMARK [2][-]{subsection.7.3.2}{\376\377\000T\000e\000s\000t\000\040\000C\000o\000v\000e\000r\000a\000g\000e}{section.7.3}% 88
\BOOKMARK [2][-]{subsection.7.3.3}{\376\377\000D\000e\000c\000e\000n\000t\000r\000a\000l\000i\000z\000a\000t\000i\000o\000n\000\040\000A\000s\000s\000e\000s\000s\000m\000e\000n\000t\000\040\000\050\000H\000H\000I\000\051}{section.7.3}% 89
\BOOKMARK [2][-]{subsection.7.3.4}{\376\377\000S\000t\000a\000t\000i\000c\000\040\000A\000n\000a\000l\000y\000s\000i\000s\000\040\000a\000n\000d\000\040\000D\000e\000p\000e\000n\000d\000e\000n\000c\000y\000\040\000A\000u\000d\000i\000t}{section.7.3}% 90
\BOOKMARK [1][-]{section.7.4}{\376\377\000S\000u\000m\000m\000a\000r\000y}{chapter.7}% 91
\BOOKMARK [0][-]{chapter.8}{\376\377\000D\000i\000s\000c\000u\000s\000s\000i\000o\000n}{}% 92
\BOOKMARK [1][-]{section.8.1}{\376\377\000A\000n\000s\000w\000e\000r\000i\000n\000g\000\040\000t\000h\000e\000\040\000R\000e\000s\000e\000a\000r\000c\000h\000\040\000Q\000u\000e\000s\000t\000i\000o\000n\000s}{chapter.8}% 93
\BOOKMARK [2][-]{subsection.8.1.1}{\376\377\000S\000Q\0001\000:\000\040\000C\000r\000o\000s\000s\000-\000C\000h\000a\000i\000n\000\040\000R\000i\000g\000h\000t\000s\000\040\000O\000p\000e\000r\000a\000t\000i\000o\000n\000s\000\040\000a\000n\000d\000\040\000F\000i\000n\000a\000l\000i\000t\000y}{section.8.1}% 94
\BOOKMARK [2][-]{subsection.8.1.2}{\376\377\000S\000Q\0002\000:\000\040\000L\000a\000t\000e\000n\000c\000y\000\040\000v\000e\000r\000s\000u\000s\000\040\000D\000e\000c\000e\000n\000t\000r\000a\000l\000i\000z\000a\000t\000i\000o\000n}{section.8.1}% 95
\BOOKMARK [2][-]{subsection.8.1.3}{\376\377\000S\000Q\0003\000:\000\040\000U\000n\000i\000f\000i\000e\000d\000\040\000R\000i\000g\000h\000t\000s\000\040\000T\000o\000k\000e\000n}{section.8.1}% 96
\BOOKMARK [2][-]{subsection.8.1.4}{\376\377\000S\000Q\0004\000:\000\040\000S\000e\000c\000u\000r\000i\000t\000y\000\040\000a\000n\000d\000\040\000A\000u\000t\000h\000o\000r\000i\000z\000a\000t\000i\000o\000n}{section.8.1}% 97
\BOOKMARK [2][-]{subsection.8.1.5}{\376\377\000S\000Q\0005\000:\000\040\000E\000c\000o\000n\000o\000m\000i\000c\000\040\000V\000i\000a\000b\000i\000l\000i\000t\000y}{section.8.1}% 98
\BOOKMARK [1][-]{section.8.2}{\376\377\000I\000n\000t\000e\000r\000p\000r\000e\000t\000a\000t\000i\000o\000n\000\040\000o\000f\000\040\000K\000e\000y\000\040\000R\000e\000s\000u\000l\000t\000s}{chapter.8}% 99
\BOOKMARK [2][-]{subsection.8.2.1}{\376\377\000T\000h\000e\000\040\0002\0006\000.\0002\000\040\000T\000P\000S\000\040\000F\000i\000g\000u\000r\000e\000\040\000i\000n\000\040\000C\000o\000n\000t\000e\000x\000t}{section.8.2}% 100
\BOOKMARK [2][-]{subsection.8.2.2}{\376\377\000T\000h\000e\000\040\000E\000c\000o\000n\000o\000m\000i\000c\000\040\000C\000r\000o\000s\000s\000o\000v\000e\000r\000\040\000a\000t\000\040\0002\000,\0000\0000\0000\000\040\000F\000o\000l\000l\000o\000w\000e\000r\000s}{section.8.2}% 101
\BOOKMARK [2][-]{subsection.8.2.3}{\376\377\000T\000h\000e\000\040\000S\000n\000o\000w\000b\000r\000i\000d\000g\000e\000\040\000E\000n\000d\000-\000t\000o\000-\000E\000n\000d\000\040\000D\000e\000m\000o\000n\000s\000t\000r\000a\000t\000i\000o\000n}{section.8.2}% 102
\BOOKMARK [1][-]{section.8.3}{\376\377\000A\000r\000c\000h\000i\000t\000e\000c\000t\000u\000r\000a\000l\000\040\000D\000e\000c\000i\000s\000i\000o\000n\000s\000\040\000R\000e\000v\000i\000s\000i\000t\000e\000d}{chapter.8}% 103
\BOOKMARK [1][-]{section.8.4}{\376\377\000T\000h\000e\000\040\000W\000o\000r\000k\000\040\000i\000n\000\040\000C\000o\000n\000t\000e\000x\000t}{chapter.8}% 104
\BOOKMARK [1][-]{section.8.5}{\376\377\000L\000i\000m\000i\000t\000a\000t\000i\000o\000n\000s}{chapter.8}% 105
\BOOKMARK [1][-]{section.8.6}{\376\377\000I\000m\000p\000l\000i\000c\000a\000t\000i\000o\000n\000s}{chapter.8}% 106
\BOOKMARK [1][-]{section.8.7}{\376\377\000C\000r\000i\000t\000i\000c\000a\000l\000\040\000S\000e\000l\000f\000-\000R\000e\000f\000l\000e\000c\000t\000i\000o\000n}{chapter.8}% 107
\BOOKMARK [1][-]{section.8.8}{\376\377\000S\000u\000m\000m\000a\000r\000y}{chapter.8}% 108
\BOOKMARK [0][-]{chapter.9}{\376\377\000C\000o\000n\000c\000l\000u\000s\000i\000o\000n\000\040\000a\000n\000d\000\040\000F\000u\000t\000u\000r\000e\000\040\000W\000o\000r\000k}{}% 109
\BOOKMARK [1][-]{section.9.1}{\376\377\000S\000u\000m\000m\000a\000r\000y\000\040\000o\000f\000\040\000C\000o\000n\000t\000r\000i\000b\000u\000t\000i\000o\000n\000s}{chapter.9}% 110
\BOOKMARK [1][-]{section.9.2}{\376\377\000P\000r\000i\000n\000c\000i\000p\000a\000l\000\040\000F\000i\000n\000d\000i\000n\000g\000s}{chapter.9}% 111
\BOOKMARK [1][-]{section.9.3}{\376\377\000F\000u\000t\000u\000r\000e\000\040\000W\000o\000r\000k}{chapter.9}% 112
\BOOKMARK [1][-]{section.9.4}{\376\377\000C\000l\000o\000s\000i\000n\000g\000\040\000R\000e\000f\000l\000e\000c\000t\000i\000o\000n}{chapter.9}% 113
\BOOKMARK [0][-]{appendix.A}{\376\377\000I\000m\000p\000l\000e\000m\000e\000n\000t\000a\000t\000i\000o\000n\000\040\000C\000h\000a\000l\000l\000e\000n\000g\000e\000\040\000N\000a\000r\000r\000a\000t\000i\000v\000e\000s}{}% 114
\BOOKMARK [1][-]{section.A.1}{\376\377\000T\000h\000e\000\040\000P\000i\000v\000o\000t\000\040\000f\000r\000o\000m\000\040\000R\000M\000R\000K\000\040\0002\000.\0000\000\040\000t\000o\000\040\000p\000a\000l\000l\000e\000t\000-\000n\000f\000t\000s}{appendix.A}% 115
\BOOKMARK [1][-]{section.A.2}{\376\377\000C\000o\000n\000t\000r\000a\000c\000t\000-\000F\000i\000r\000s\000t\000\040\000t\000o\000\040\000P\000a\000l\000l\000e\000t\000-\000F\000i\000r\000s\000t\000\040\000P\000i\000v\000o\000t}{appendix.A}% 116
\BOOKMARK [1][-]{section.A.3}{\376\377\000T\000h\000e\000\040\000S\000n\000o\000w\000b\000r\000i\000d\000g\000e\000\040\000F\000o\000r\000k\000-\000V\000e\000r\000s\000i\000o\000n\000\040\000C\000o\000n\000f\000i\000g\000u\000r\000a\000t\000i\000o\000n\000\040\000I\000s\000s\000u\000e}{appendix.A}% 117
\BOOKMARK [1][-]{section.A.4}{\376\377\000T\000h\000e\000\040\000L\000o\000d\000e\000s\000t\000a\000r\000\040\000P\000r\000e\000s\000e\000t\000\040\000V\000e\000r\000s\000i\000o\000n\000\040\000P\000i\000n\000n\000i\000n\000g}{appendix.A}% 118
\BOOKMARK [1][-]{section.A.5}{\376\377\000T\000h\000e\000\040\000X\000C\000M\000\040\000S\000o\000v\000e\000r\000e\000i\000g\000n\000\040\000A\000c\000c\000o\000u\000n\000t\000\040\000E\000n\000d\000i\000a\000n\000n\000e\000s\000s\000\040\000B\000u\000g}{appendix.A}% 119
\BOOKMARK [1][-]{section.A.6}{\376\377\000T\000h\000e\000\040\000X\000C\000M\000\040\000F\000e\000e\000\040\000S\000c\000a\000l\000i\000n\000g\000\040\000f\000o\000r\000\040\000P\000r\000o\000o\000f\000\040\000S\000i\000z\000e}{appendix.A}% 120
\BOOKMARK [1][-]{section.A.7}{\376\377\000F\000i\000n\000d\000i\000n\000g\000\040\000B\000:\000\040\000A\000u\000t\000h\000o\000r\000i\000z\000a\000t\000i\000o\000n\000\040\000G\000a\000p}{appendix.A}% 121
\BOOKMARK [1][-]{section.A.8}{\376\377\000A\000u\000t\000o\000-\000R\000e\000n\000e\000w\000a\000l\000\040\000C\000h\000i\000l\000d\000\040\000C\000a\000p}{appendix.A}% 122
\BOOKMARK [1][-]{section.A.9}{\376\377\000i\000n\000k\000!\000\040\000D\000i\000s\000c\000o\000n\000t\000i\000n\000u\000a\000t\000i\000o\000n}{appendix.A}% 123
\BOOKMARK [0][-]{appendix.B}{\376\377\000R\000e\000s\000e\000a\000r\000c\000h\000\040\000O\000b\000j\000e\000c\000t\000i\000v\000e\000\040\000D\000e\000t\000a\000i\000l\000s}{}% 124
\BOOKMARK [1][-]{section.B.1}{\376\377\000R\000O\0001\000:\000\040\000D\000e\000s\000i\000g\000n\000\040\000a\000n\000d\000\040\000P\000r\000o\000t\000o\000t\000y\000p\000e\000\040\000X\000C\000M\000\040\000E\000x\000t\000e\000n\000s\000i\000o\000n\000s}{appendix.B}% 125
\BOOKMARK [1][-]{section.B.2}{\376\377\000R\000O\0002\000:\000\040\000I\000m\000p\000l\000e\000m\000e\000n\000t\000\040\000a\000\040\000U\000n\000i\000f\000i\000e\000d\000\040\000R\000i\000g\000h\000t\000s\000\040\000T\000o\000k\000e\000n}{appendix.B}% 126
\BOOKMARK [1][-]{section.B.3}{\376\377\000R\000O\0003\000:\000\040\000M\000e\000r\000g\000e\000\040\000S\000u\000b\000s\000c\000r\000i\000p\000t\000i\000o\000n\000,\000\040\000P\000P\000V\000,\000\040\000a\000n\000d\000\040\000P\000u\000r\000c\000h\000a\000s\000e\000\040\000L\000o\000g\000i\000c}{appendix.B}% 127
\BOOKMARK [1][-]{section.B.4}{\376\377\000R\000O\0004\000:\000\040\000B\000e\000n\000c\000h\000m\000a\000r\000k\000\040\000S\000c\000a\000l\000a\000b\000i\000l\000i\000t\000y\000\040\000a\000n\000d\000\040\000I\000n\000t\000e\000r\000o\000p\000e\000r\000a\000b\000i\000l\000i\000t\000y}{appendix.B}% 128
\BOOKMARK [1][-]{section.B.5}{\376\377\000R\000O\0005\000:\000\040\000Z\000e\000r\000o\000-\000K\000n\000o\000w\000l\000e\000d\000g\000e\000\040\000P\000r\000o\000o\000f\000\040\000H\000o\000o\000k\000s\000\040\000\050\000N\000o\000t\000\040\000A\000c\000h\000i\000e\000v\000e\000d\000\051}{appendix.B}% 129
\BOOKMARK [1][-]{section.B.6}{\376\377\000R\000O\0006\000:\000\040\000Q\000u\000a\000n\000t\000i\000f\000y\000\040\000C\000r\000e\000a\000t\000o\000r\000\040\000S\000a\000v\000i\000n\000g\000s}{appendix.B}% 130
\BOOKMARK [0][-]{appendix.C}{\376\377\000C\000o\000d\000e\000\040\000L\000i\000s\000t\000i\000n\000g\000s}{}% 131
\BOOKMARK [1][-]{section.C.1}{\376\377\000S\000o\000l\000i\000d\000i\000t\000y\000\040\000I\000n\000t\000e\000r\000f\000a\000c\000e\000:\000\040\000C\000o\000n\000t\000e\000n\000t\000R\000i\000g\000h\000t\000s\000P\000r\000e\000c\000o\000m\000p\000i\000l\000e}{appendix.C}% 132
\BOOKMARK [1][-]{section.C.2}{\376\377\000C\000a\000n\000o\000n\000i\000c\000a\000l\000\040\000X\000C\000M\000\040\000M\000e\000s\000s\000a\000g\000e}{appendix.C}% 133
\BOOKMARK [1][-]{section.C.3}{\376\377\000R\000e\000p\000o\000s\000i\000t\000o\000r\000y\000\040\000D\000i\000r\000e\000c\000t\000o\000r\000y\000\040\000L\000a\000y\000o\000u\000t}{appendix.C}% 134
\BOOKMARK [1][-]{section.C.4}{\376\377\000D\000i\000s\000p\000a\000t\000c\000h\000a\000b\000l\000e\000\040\000E\000x\000t\000r\000i\000n\000s\000i\000c\000s\000\040\000R\000e\000f\000e\000r\000e\000n\000c\000e}{appendix.C}% 135
\BOOKMARK [1][-]{section.C.5}{\376\377\000P\000a\000l\000l\000e\000t\000\040\000S\000t\000o\000r\000a\000g\000e\000\040\000L\000a\000y\000o\000u\000t\000\040\000R\000e\000f\000e\000r\000e\000n\000c\000e}{appendix.C}% 136
\BOOKMARK [0][-]{appendix.D}{\376\377\000S\000e\000c\000u\000r\000i\000t\000y\000\040\000a\000n\000d\000\040\000C\000o\000v\000e\000r\000a\000g\000e\000\040\000F\000i\000n\000d\000i\000n\000g\000s}{}% 137
\BOOKMARK [1][-]{section.D.1}{\376\377\000F\000i\000n\000d\000i\000n\000g\000\040\000B\000:\000\040\000A\000u\000t\000h\000o\000r\000i\000z\000a\000t\000i\000o\000n\000\040\000G\000a\000p}{appendix.D}% 138
\BOOKMARK [1][-]{section.D.2}{\376\377\000S\000e\000c\000u\000r\000i\000t\000y\000\040\000A\000u\000d\000i\000t\000\040\000F\000i\000n\000d\000i\000n\000g\000\040\000E\000:\000\040\000V\000i\000e\000w\000\040\000P\000a\000c\000k\000\040\000O\000v\000e\000r\000w\000r\000i\000t\000e}{appendix.D}% 139
\BOOKMARK [1][-]{section.D.3}{\376\377\000A\000c\000c\000e\000p\000t\000e\000d\000\040\000D\000e\000s\000i\000g\000n\000\040\000F\000i\000n\000d\000i\000n\000g\000s\000\040\000\050\000A\000,\000\040\000C\000,\000\040\000D\000\051}{appendix.D}% 140
\BOOKMARK [1][-]{section.D.4}{\376\377\000E\000r\000r\000o\000r\000\040\000V\000a\000r\000i\000a\000n\000t\000\040\000C\000o\000v\000e\000r\000a\000g\000e}{appendix.D}% 141
\BOOKMARK [1][-]{section.D.5}{\376\377\000S\000t\000a\000t\000i\000c\000\040\000A\000n\000a\000l\000y\000s\000i\000s\000\040\000A\000d\000v\000i\000s\000o\000r\000y\000\040\000B\000r\000e\000a\000k\000d\000o\000w\000n}{appendix.D}% 142
\BOOKMARK [0][-]{appendix.E}{\376\377\000F\000u\000t\000u\000r\000e\000\040\000W\000o\000r\000k\000\040\000D\000e\000t\000a\000i\000l\000s}{}% 143
\BOOKMARK [1][-]{section.E.1}{\376\377\000P\000r\000o\000d\000u\000c\000t\000i\000o\000n\000\040\000D\000e\000p\000l\000o\000y\000m\000e\000n\000t}{appendix.E}% 144
\BOOKMARK [1][-]{section.E.2}{\376\377\000M\000i\000g\000r\000a\000t\000i\000o\000n\000\040\000t\000o\000\040\000P\000o\000l\000k\000a\000d\000o\000t\000\040\0002\000.\0000\000\040\000F\000e\000a\000t\000u\000r\000e\000s}{appendix.E}% 145
\BOOKMARK [1][-]{section.E.3}{\376\377\000M\000i\000g\000r\000a\000t\000i\000o\000n\000\040\000P\000a\000t\000h\000s\000\040\000f\000o\000r\000\040\000t\000h\000e\000\040\000S\000m\000a\000r\000t\000\040\000C\000o\000n\000t\000r\000a\000c\000t\000\040\000L\000a\000y\000e\000r}{appendix.E}% 146
\BOOKMARK [1][-]{section.E.4}{\376\377\000T\000h\000e\000\040\0005\0000\000-\000C\000h\000i\000l\000d\000\040\000C\000a\000p}{appendix.E}% 147
\BOOKMARK [1][-]{section.E.5}{\376\377\000U\000s\000e\000r\000\040\000S\000t\000u\000d\000y\000\040\000a\000n\000d\000\040\000C\000o\000n\000s\000u\000m\000e\000r\000\040\000A\000p\000p\000l\000i\000c\000a\000t\000i\000o\000n}{appendix.E}% 148
\BOOKMARK [1][-]{section.E.6}{\376\377\000T\000h\000e\000\040\000B\000r\000i\000d\000g\000e\000d\000-\000P\000a\000y\000m\000e\000n\000t\000\040\000F\000i\000n\000a\000l\000\040\000H\000o\000p}{appendix.E}% 149
\BOOKMARK [1][-]{section.E.7}{\376\377\000R\000e\000s\000a\000l\000e\000\040\000R\000o\000y\000a\000l\000t\000i\000e\000s}{appendix.E}% 150
\BOOKMARK [1][-]{section.E.8}{\376\377\000C\000a\000p\000a\000b\000i\000l\000i\000t\000y\000-\000B\000a\000s\000e\000d\000\040\000D\000e\000l\000e\000g\000a\000t\000i\000o\000n}{appendix.E}% 151
\BOOKMARK [1][-]{section.E.9}{\376\377\000M\000o\000n\000t\000e\000\040\000C\000a\000r\000l\000o\000\040\000S\000i\000m\000u\000l\000a\000t\000i\000o\000n\000\040\000E\000x\000t\000e\000n\000s\000i\000o\000n\000s}{appendix.E}% 152
\BOOKMARK [1][-]{section.E.10}{\376\377\000F\000o\000r\000m\000a\000l\000\040\000V\000e\000r\000i\000f\000i\000c\000a\000t\000i\000o\000n}{appendix.E}% 153
\BOOKMARK [1][-]{section.E.11}{\376\377\000J\000A\000M\000\040\000T\000r\000a\000n\000s\000i\000t\000i\000o\000n}{appendix.E}% 154
\BOOKMARK [0][-]{appendix.F}{\376\377\000W\000o\000r\000k\000\040\000P\000l\000a\000n\000\040\000a\000n\000d\000\040\000T\000i\000m\000e\000l\000i\000n\000e}{}% 155
\BOOKMARK [0][-]{appendix*.17}{\376\377\000R\000e\000f\000e\000r\000e\000n\000c\000e\000s}{}% 156
